127.0.0.1 - - [30/Nov/2019:07:53:13 +0800] "PUT /nacos/v1/ns/instance/beat?beat=%7B%22cluster%22%3A%22DEFAULT%22%2C%22ip%22%3A%22192.168.2.109%22%2C%22metadata%22%3A%7B%22preserved.register.source%22%3A%22SPRING_CLOUD%22%7D%2C%22port%22%3A8099%2C%22scheduled%22%3Atrue%2C%22serviceName%22%3A%22DEFAULT_GROUP%40%40service-provider%22%2C%22weight%22%3A1.0%7D&serviceName=DEFAULT_GROUP%40%40service-provider&encoding=UTF-8&namespaceId=public HTTP/1.1" 200 38 3 Nacos-Java-Client:v1.0.0
127.0.0.1 - - [30/Nov/2019:07:53:14 +0800] "GET /nacos/v1/ns/service/list?pageSize=2147483647&groupName=DEFAULT_GROUP&encoding=UTF-8&namespaceId=public&pageNo=1 HTTP/1.1" 200 50 6 Nacos-Java-Client:v1.0.0
127.0.0.1 - - [30/Nov/2019:07:53:16 +0800] "GET /nacos/v1/ns/instance/list?healthyOnly=false&namespaceId=public&clientIP=192.168.2.109&serviceName=DEFAULT_GROUP%40%40service-provider&udpPort=49572&encoding=UTF-8 HTTP/1.1" 200 584 4 Nacos-Java-Client:v1.0.0
192.168.2.109 - - [30/Nov/2019:07:53:18 +0800] "GET /nacos/v1/cs/health HTTP/1.1" 200 2 3 Apache-HttpAsyncClient/4.1.3 (Java/1.8.0_231)
127.0.0.1 - - [30/Nov/2019:07:53:18 +0800] "PUT /nacos/v1/ns/instance/beat?beat=%7B%22cluster%22%3A%22DEFAULT%22%2C%22ip%22%3A%22192.168.2.109%22%2C%22metadata%22%3A%7B%22preserved.register.source%22%3A%22SPRING_CLOUD%22%7D%2C%22port%22%3A8099%2C%22scheduled%22%3Atrue%2C%22serviceName%22%3A%22DEFAULT_GROUP%40%40service-provider%22%2C%22weight%22%3A1.0%7D&serviceName=DEFAULT_GROUP%40%40service-provider&encoding=UTF-8&namespaceId=public HTTP/1.1" 200 38 2 Nacos-Java-Client:v1.0.0
192.168.2.109 - - [30/Nov/2019:07:53:23 +0800] "GET /nacos/v1/cs/health HTTP/1.1" 200 2 0 Apache-HttpAsyncClient/4.1.3 (Java/1.8.0_231)
127.0.0.1 - - [30/Nov/2019:07:53:23 +0800] "PUT /nacos/v1/ns/instance/beat?beat=%7B%22cluster%22%3A%22DEFAULT%22%2C%22ip%22%3A%22192.168.2.109%22%2C%22metadata%22%3A%7B%22preserved.register.source%22%3A%22SPRING_CLOUD%22%7D%2C%22port%22%3A8099%2C%22scheduled%22%3Atrue%2C%22serviceName%22%3A%22DEFAULT_GROUP%40%40service-provider%22%2C%22weight%22%3A1.0%7D&serviceName=DEFAULT_GROUP%40%40service-provider&encoding=UTF-8&namespaceId=public HTTP/1.1" 200 38 5 Nacos-Java-Client:v1.0.0
127.0.0.1 - - [30/Nov/2019:07:53:26 +0800] "GET /nacos/v1/ns/instance/list?healthyOnly=false&namespaceId=public&clientIP=192.168.2.109&serviceName=DEFAULT_GROUP%40%40service-provider&udpPort=49572&encoding=UTF-8 HTTP/1.1" 200 584 4 Nacos-Java-Client:v1.0.0
192.168.2.109 - - [30/Nov/2019:07:53:28 +0800] "GET /nacos/v1/cs/health HTTP/1.1" 200 2 4 Apache-HttpAsyncClient/4.1.3 (Java/1.8.0_231)
127.0.0.1 - - [30/Nov/2019:07:53:28 +0800] "PUT /nacos/v1/ns/instance/beat?beat=%7B%22cluster%22%3A%22DEFAULT%22%2C%22ip%22%3A%22192.168.2.109%22%2C%22metadata%22%3A%7B%22preserved.register.source%22%3A%22SPRING_CLOUD%22%7D%2C%22port%22%3A8099%2C%22scheduled%22%3Atrue%2C%22serviceName%22%3A%22DEFAULT_GROUP%40%40service-provider%22%2C%22weight%22%3A1.0%7D&serviceName=DEFAULT_GROUP%40%40service-provider&encoding=UTF-8&namespaceId=public HTTP/1.1" 200 38 6 Nacos-Java-Client:v1.0.0
127.0.0.1 - - [30/Nov/2019:07:53:31 +0800] "POST /nacos/v1/cs/configs/listener HTTP/1.1" 200 - 29508 Java/1.8.0_231
192.168.2.109 - - [30/Nov/2019:07:53:33 +0800] "GET /nacos/v1/cs/health HTTP/1.1" 200 2 2 Apache-HttpAsyncClient/4.1.3 (Java/1.8.0_231)
127.0.0.1 - - [30/Nov/2019:07:53:33 +0800] "PUT /nacos/v1/ns/instance/beat?beat=%7B%22cluster%22%3A%22DEFAULT%22%2C%22ip%22%3A%22192.168.2.109%22%2C%22metadata%22%3A%7B%22preserved.register.source%22%3A%22SPRING_CLOUD%22%7D%2C%22port%22%3A8099%2C%22scheduled%22%3Atrue%2C%22serviceName%22%3A%22DEFAULT_GROUP%40%40service-provider%22%2C%22weight%22%3A1.0%7D&serviceName=DEFAULT_GROUP%40%40service-provider&encoding=UTF-8&namespaceId=public HTTP/1.1" 200 38 2 Nacos-Java-Client:v1.0.0
127.0.0.1 - - [30/Nov/2019:07:53:36 +0800] "GET /nacos/v1/ns/instance/list?healthyOnly=false&namespaceId=public&clientIP=192.168.2.109&serviceName=DEFAULT_GROUP%40%40service-provider&udpPort=49572&encoding=UTF-8 HTTP/1.1" 200 584 1 Nacos-Java-Client:v1.0.0
192.168.2.109 - - [30/Nov/2019:07:53:38 +0800] "GET /nacos/v1/cs/health HTTP/1.1" 200 2 48 Apache-HttpAsyncClient/4.1.3 (Java/1.8.0_231)
127.0.0.1 - - [30/Nov/2019:07:53:39 +0800] "PUT /nacos/v1/ns/instance/beat?beat=%7B%22cluster%22%3A%22DEFAULT%22%2C%22ip%22%3A%22192.168.2.109%22%2C%22metadata%22%3A%7B%22preserved.register.source%22%3A%22SPRING_CLOUD%22%7D%2C%22port%22%3A8099%2C%22scheduled%22%3Atrue%2C%22serviceName%22%3A%22DEFAULT_GROUP%40%40service-provider%22%2C%22weight%22%3A1.0%7D&serviceName=DEFAULT_GROUP%40%40service-provider&encoding=UTF-8&namespaceId=public HTTP/1.1" 200 38 1 Nacos-Java-Client:v1.0.0
192.168.2.109 - - [30/Nov/2019:07:53:43 +0800] "GET /nacos/v1/cs/health HTTP/1.1" 200 2 1 Apache-HttpAsyncClient/4.1.3 (Java/1.8.0_231)
127.0.0.1 - - [30/Nov/2019:07:53:44 +0800] "PUT /nacos/v1/ns/instance/beat?beat=%7B%22cluster%22%3A%22DEFAULT%22%2C%22ip%22%3A%22192.168.2.109%22%2C%22metadata%22%3A%7B%22preserved.register.source%22%3A%22SPRING_CLOUD%22%7D%2C%22port%22%3A8099%2C%22scheduled%22%3Atrue%2C%22serviceName%22%3A%22DEFAULT_GROUP%40%40service-provider%22%2C%22weight%22%3A1.0%7D&serviceName=DEFAULT_GROUP%40%40service-provider&encoding=UTF-8&namespaceId=public HTTP/1.1" 200 38 0 Nacos-Java-Client:v1.0.0
127.0.0.1 - - [30/Nov/2019:07:53:44 +0800] "GET /nacos/v1/ns/service/list?pageSize=2147483647&groupName=DEFAULT_GROUP&encoding=UTF-8&namespaceId=public&pageNo=1 HTTP/1.1" 200 50 5 Nacos-Java-Client:v1.0.0
127.0.0.1 - - [30/Nov/2019:07:53:46 +0800] "GET /nacos/v1/ns/instance/list?healthyOnly=false&namespaceId=public&clientIP=192.168.2.109&serviceName=DEFAULT_GROUP%40%40service-provider&udpPort=49572&encoding=UTF-8 HTTP/1.1" 200 584 0 Nacos-Java-Client:v1.0.0
192.168.2.109 - - [30/Nov/2019:07:53:48 +0800] "GET /nacos/v1/cs/health HTTP/1.1" 200 2 0 Apache-HttpAsyncClient/4.1.3 (Java/1.8.0_231)
127.0.0.1 - - [30/Nov/2019:07:53:49 +0800] "PUT /nacos/v1/ns/instance/beat?beat=%7B%22cluster%22%3A%22DEFAULT%22%2C%22ip%22%3A%22192.168.2.109%22%2C%22metadata%22%3A%7B%22preserved.register.source%22%3A%22SPRING_CLOUD%22%7D%2C%22port%22%3A8099%2C%22scheduled%22%3Atrue%2C%22serviceName%22%3A%22DEFAULT_GROUP%40%40service-provider%22%2C%22weight%22%3A1.0%7D&serviceName=DEFAULT_GROUP%40%40service-provider&encoding=UTF-8&namespaceId=public HTTP/1.1" 200 38 3 Nacos-Java-Client:v1.0.0
192.168.2.109 - - [30/Nov/2019:07:53:53 +0800] "GET /nacos/v1/cs/health HTTP/1.1" 200 2 2 Apache-HttpAsyncClient/4.1.3 (Java/1.8.0_231)
127.0.0.1 - - [30/Nov/2019:07:53:54 +0800] "PUT /nacos/v1/ns/instance/beat?beat=%7B%22cluster%22%3A%22DEFAULT%22%2C%22ip%22%3A%22192.168.2.109%22%2C%22metadata%22%3A%7B%22preserved.register.source%22%3A%22SPRING_CLOUD%22%7D%2C%22port%22%3A8099%2C%22scheduled%22%3Atrue%2C%22serviceName%22%3A%22DEFAULT_GROUP%40%40service-provider%22%2C%22weight%22%3A1.0%7D&serviceName=DEFAULT_GROUP%40%40service-provider&encoding=UTF-8&namespaceId=public HTTP/1.1" 200 38 4 Nacos-Java-Client:v1.0.0
127.0.0.1 - - [30/Nov/2019:07:53:56 +0800] "GET /nacos/v1/ns/instance/list?healthyOnly=false&namespaceId=public&clientIP=192.168.2.109&serviceName=DEFAULT_GROUP%40%40service-provider&udpPort=49572&encoding=UTF-8 HTTP/1.1" 200 584 4 Nacos-Java-Client:v1.0.0
192.168.2.109 - - [30/Nov/2019:07:53:58 +0800] "GET /nacos/v1/cs/health HTTP/1.1" 200 2 2 Apache-HttpAsyncClient/4.1.3 (Java/1.8.0_231)
127.0.0.1 - - [30/Nov/2019:07:53:59 +0800] "PUT /nacos/v1/ns/instance/beat?beat=%7B%22cluster%22%3A%22DEFAULT%22%2C%22ip%22%3A%22192.168.2.109%22%2C%22metadata%22%3A%7B%22preserved.register.source%22%3A%22SPRING_CLOUD%22%7D%2C%22port%22%3A8099%2C%22scheduled%22%3Atrue%2C%22serviceName%22%3A%22DEFAULT_GROUP%40%40service-provider%22%2C%22weight%22%3A1.0%7D&serviceName=DEFAULT_GROUP%40%40service-provider&encoding=UTF-8&namespaceId=public HTTP/1.1" 200 38 6 Nacos-Java-Client:v1.0.0
127.0.0.1 - - [30/Nov/2019:07:54:01 +0800] "POST /nacos/v1/cs/configs/listener HTTP/1.1" 200 - 29509 Java/1.8.0_231
192.168.2.109 - - [30/Nov/2019:07:54:03 +0800] "GET /nacos/v1/cs/health HTTP/1.1" 200 2 5 Apache-HttpAsyncClient/4.1.3 (Java/1.8.0_231)
127.0.0.1 - - [30/Nov/2019:07:54:04 +0800] "PUT /nacos/v1/ns/instance/beat?beat=%7B%22cluster%22%3A%22DEFAULT%22%2C%22ip%22%3A%22192.168.2.109%22%2C%22metadata%22%3A%7B%22preserved.register.source%22%3A%22SPRING_CLOUD%22%7D%2C%22port%22%3A8099%2C%22scheduled%22%3Atrue%2C%22serviceName%22%3A%22DEFAULT_GROUP%40%40service-provider%22%2C%22weight%22%3A1.0%7D&serviceName=DEFAULT_GROUP%40%40service-provider&encoding=UTF-8&namespaceId=public HTTP/1.1" 200 38 2 Nacos-Java-Client:v1.0.0
127.0.0.1 - - [30/Nov/2019:07:54:06 +0800] "GET /nacos/v1/ns/instance/list?healthyOnly=false&namespaceId=public&clientIP=192.168.2.109&serviceName=DEFAULT_GROUP%40%40service-provider&udpPort=49572&encoding=UTF-8 HTTP/1.1" 200 584 5 Nacos-Java-Client:v1.0.0
192.168.2.109 - - [30/Nov/2019:07:54:08 +0800] "GET /nacos/v1/cs/health HTTP/1.1" 200 2 1 Apache-HttpAsyncClient/4.1.3 (Java/1.8.0_231)
127.0.0.1 - - [30/Nov/2019:07:54:09 +0800] "PUT /nacos/v1/ns/instance/beat?beat=%7B%22cluster%22%3A%22DEFAULT%22%2C%22ip%22%3A%22192.168.2.109%22%2C%22metadata%22%3A%7B%22preserved.register.source%22%3A%22SPRING_CLOUD%22%7D%2C%22port%22%3A8099%2C%22scheduled%22%3Atrue%2C%22serviceName%22%3A%22DEFAULT_GROUP%40%40service-provider%22%2C%22weight%22%3A1.0%7D&serviceName=DEFAULT_GROUP%40%40service-provider&encoding=UTF-8&namespaceId=public HTTP/1.1" 200 38 1 Nacos-Java-Client:v1.0.0
127.0.0.1 - - [30/Nov/2019:07:54:12 +0800] "GET /nacos/v1/cs/configs?dataId=service-consumer.properties&group=cloud HTTP/1.1" 404 23 5 Java/1.8.0_231
127.0.0.1 - - [30/Nov/2019:07:54:12 +0800] "GET /nacos/v1/cs/configs?dataId=service-consumer-test.properties&group=cloud HTTP/1.1" 404 23 6 Java/1.8.0_231
192.168.2.109 - - [30/Nov/2019:07:54:13 +0800] "GET /nacos/v1/cs/health HTTP/1.1" 200 2 2 Apache-HttpAsyncClient/4.1.3 (Java/1.8.0_231)
127.0.0.1 - - [30/Nov/2019:07:54:14 +0800] "PUT /nacos/v1/ns/instance/beat?beat=%7B%22cluster%22%3A%22DEFAULT%22%2C%22ip%22%3A%22192.168.2.109%22%2C%22metadata%22%3A%7B%22preserved.register.source%22%3A%22SPRING_CLOUD%22%7D%2C%22port%22%3A8099%2C%22scheduled%22%3Atrue%2C%22serviceName%22%3A%22DEFAULT_GROUP%40%40service-provider%22%2C%22weight%22%3A1.0%7D&serviceName=DEFAULT_GROUP%40%40service-provider&encoding=UTF-8&namespaceId=public HTTP/1.1" 200 38 1 Nacos-Java-Client:v1.0.0
127.0.0.1 - - [30/Nov/2019:07:54:14 +0800] "GET /nacos/v1/ns/service/list?pageSize=2147483647&groupName=DEFAULT_GROUP&encoding=UTF-8&namespaceId=public&pageNo=1 HTTP/1.1" 200 50 1 Nacos-Java-Client:v1.0.0
127.0.0.1 - - [30/Nov/2019:07:54:14 +0800] "GET /nacos/v1/ns/service/list?pageSize=2147483647&groupName=DEFAULT_GROUP&encoding=UTF-8&namespaceId=public&pageNo=1 HTTP/1.1" 200 50 2 Nacos-Java-Client:v1.0.0
127.0.0.1 - - [30/Nov/2019:07:54:14 +0800] "GET /nacos/v1/ns/instance/list?healthyOnly=false&namespaceId=public&clientIP=192.168.2.109&serviceName=DEFAULT_GROUP%40%40service-provider&udpPort=50315&encoding=UTF-8 HTTP/1.1" 200 584 2 Nacos-Java-Client:v1.0.0
127.0.0.1 - - [30/Nov/2019:07:54:14 +0800] "POST /nacos/v1/ns/instance?groupName=DEFAULT_GROUP&metadata=%7B%22preserved.register.source%22%3A%22SPRING_CLOUD%22%7D&namespaceId=public&port=8080&enable=true&healthy=true&clusterName=DEFAULT&ip=192.168.2.109&weight=1.0&ephemeral=true&serviceName=DEFAULT_GROUP%40%40service-consumer&encoding=UTF-8 HTTP/1.1" 200 2 2 Nacos-Java-Client:v1.0.0
127.0.0.1 - - [30/Nov/2019:07:54:14 +0800] "POST /nacos/v1/cs/configs/listener HTTP/1.1" 200 - 2 Java/1.8.0_231
127.0.0.1 - - [30/Nov/2019:07:54:15 +0800] "GET /nacos/v1/ns/instance/list?healthyOnly=false&namespaceId=public&clientIP=192.168.2.109&serviceName=DEFAULT_GROUP%40%40service-provider&udpPort=50315&encoding=UTF-8 HTTP/1.1" 200 584 0 Nacos-Java-Client:v1.0.0
127.0.0.1 - - [30/Nov/2019:07:54:16 +0800] "GET /nacos/v1/ns/instance/list?healthyOnly=false&namespaceId=public&clientIP=192.168.2.109&serviceName=DEFAULT_GROUP%40%40service-provider&udpPort=49572&encoding=UTF-8 HTTP/1.1" 200 584 5 Nacos-Java-Client:v1.0.0
192.168.2.109 - - [30/Nov/2019:07:54:18 +0800] "GET /nacos/v1/cs/health HTTP/1.1" 200 2 5 Apache-HttpAsyncClient/4.1.3 (Java/1.8.0_231)
127.0.0.1 - - [30/Nov/2019:07:54:19 +0800] "PUT /nacos/v1/ns/instance/beat?beat=%7B%22cluster%22%3A%22DEFAULT%22%2C%22ip%22%3A%22192.168.2.109%22%2C%22metadata%22%3A%7B%22preserved.register.source%22%3A%22SPRING_CLOUD%22%7D%2C%22port%22%3A8099%2C%22scheduled%22%3Atrue%2C%22serviceName%22%3A%22DEFAULT_GROUP%40%40service-provider%22%2C%22weight%22%3A1.0%7D&serviceName=DEFAULT_GROUP%40%40service-provider&encoding=UTF-8&namespaceId=public HTTP/1.1" 200 38 5 Nacos-Java-Client:v1.0.0
127.0.0.1 - - [30/Nov/2019:07:54:19 +0800] "PUT /nacos/v1/ns/instance/beat?beat=%7B%22cluster%22%3A%22DEFAULT%22%2C%22ip%22%3A%22192.168.2.109%22%2C%22metadata%22%3A%7B%22preserved.register.source%22%3A%22SPRING_CLOUD%22%7D%2C%22port%22%3A8080%2C%22scheduled%22%3Atrue%2C%22serviceName%22%3A%22DEFAULT_GROUP%40%40service-consumer%22%2C%22weight%22%3A1.0%7D&serviceName=DEFAULT_GROUP%40%40service-consumer&encoding=UTF-8&namespaceId=public HTTP/1.1" 200 38 3 Nacos-Java-Client:v1.0.0
192.168.2.109 - - [30/Nov/2019:07:54:23 +0800] "GET /nacos/v1/cs/health HTTP/1.1" 200 2 0 Apache-HttpAsyncClient/4.1.3 (Java/1.8.0_231)
127.0.0.1 - - [30/Nov/2019:07:54:24 +0800] "PUT /nacos/v1/ns/instance/beat?beat=%7B%22cluster%22%3A%22DEFAULT%22%2C%22ip%22%3A%22192.168.2.109%22%2C%22metadata%22%3A%7B%22preserved.register.source%22%3A%22SPRING_CLOUD%22%7D%2C%22port%22%3A8099%2C%22scheduled%22%3Atrue%2C%22serviceName%22%3A%22DEFAULT_GROUP%40%40service-provider%22%2C%22weight%22%3A1.0%7D&serviceName=DEFAULT_GROUP%40%40service-provider&encoding=UTF-8&namespaceId=public HTTP/1.1" 200 38 2 Nacos-Java-Client:v1.0.0
127.0.0.1 - - [30/Nov/2019:07:54:24 +0800] "PUT /nacos/v1/ns/instance/beat?beat=%7B%22cluster%22%3A%22DEFAULT%22%2C%22ip%22%3A%22192.168.2.109%22%2C%22metadata%22%3A%7B%22preserved.register.source%22%3A%22SPRING_CLOUD%22%7D%2C%22port%22%3A8080%2C%22scheduled%22%3Atrue%2C%22serviceName%22%3A%22DEFAULT_GROUP%40%40service-consumer%22%2C%22weight%22%3A1.0%7D&serviceName=DEFAULT_GROUP%40%40service-consumer&encoding=UTF-8&namespaceId=public HTTP/1.1" 200 38 4 Nacos-Java-Client:v1.0.0
127.0.0.1 - - [30/Nov/2019:07:54:25 +0800] "GET /nacos/v1/ns/instance/list?healthyOnly=false&namespaceId=public&clientIP=192.168.2.109&serviceName=DEFAULT_GROUP%40%40service-provider&udpPort=50315&encoding=UTF-8 HTTP/1.1" 200 584 6 Nacos-Java-Client:v1.0.0
0:0:0:0:0:0:0:1 - - [30/Nov/2019:07:54:26 +0800] "GET /nacos/v1/cs/configs?search=accurate&dataId=&group=&appName=&config_tags=&pageNo=1&pageSize=10&tenant=&namespaceId= HTTP/1.1" 200 348 9 Mozilla/5.0 (Windows NT 10.0; Win64; x64) AppleWebKit/537.36 (KHTML, like Gecko) Chrome/78.0.3904.108 Safari/537.36
127.0.0.1 - - [30/Nov/2019:07:54:26 +0800] "GET /nacos/v1/ns/instance/list?healthyOnly=false&namespaceId=public&clientIP=192.168.2.109&serviceName=DEFAULT_GROUP%40%40service-provider&udpPort=49572&encoding=UTF-8 HTTP/1.1" 200 584 0 Nacos-Java-Client:v1.0.0
192.168.2.109 - - [30/Nov/2019:07:54:28 +0800] "GET /nacos/v1/cs/health HTTP/1.1" 200 2 4 Apache-HttpAsyncClient/4.1.3 (Java/1.8.0_231)
127.0.0.1 - - [30/Nov/2019:07:54:29 +0800] "PUT /nacos/v1/ns/instance/beat?beat=%7B%22cluster%22%3A%22DEFAULT%22%2C%22ip%22%3A%22192.168.2.109%22%2C%22metadata%22%3A%7B%22preserved.register.source%22%3A%22SPRING_CLOUD%22%7D%2C%22port%22%3A8099%2C%22scheduled%22%3Atrue%2C%22serviceName%22%3A%22DEFAULT_GROUP%40%40service-provider%22%2C%22weight%22%3A1.0%7D&serviceName=DEFAULT_GROUP%40%40service-provider&encoding=UTF-8&namespaceId=public HTTP/1.1" 200 38 4 Nacos-Java-Client:v1.0.0
127.0.0.1 - - [30/Nov/2019:07:54:29 +0800] "PUT /nacos/v1/ns/instance/beat?beat=%7B%22cluster%22%3A%22DEFAULT%22%2C%22ip%22%3A%22192.168.2.109%22%2C%22metadata%22%3A%7B%22preserved.register.source%22%3A%22SPRING_CLOUD%22%7D%2C%22port%22%3A8080%2C%22scheduled%22%3Atrue%2C%22serviceName%22%3A%22DEFAULT_GROUP%40%40service-consumer%22%2C%22weight%22%3A1.0%7D&serviceName=DEFAULT_GROUP%40%40service-consumer&encoding=UTF-8&namespaceId=public HTTP/1.1" 200 38 4 Nacos-Java-Client:v1.0.0
127.0.0.1 - - [30/Nov/2019:07:54:30 +0800] "POST /nacos/v1/cs/configs/listener HTTP/1.1" 200 - 29502 Java/1.8.0_231
192.168.2.109 - - [30/Nov/2019:07:54:33 +0800] "GET /nacos/v1/cs/health HTTP/1.1" 200 2 5 Apache-HttpAsyncClient/4.1.3 (Java/1.8.0_231)
127.0.0.1 - - [30/Nov/2019:07:54:34 +0800] "PUT /nacos/v1/ns/instance/beat?beat=%7B%22cluster%22%3A%22DEFAULT%22%2C%22ip%22%3A%22192.168.2.109%22%2C%22metadata%22%3A%7B%22preserved.register.source%22%3A%22SPRING_CLOUD%22%7D%2C%22port%22%3A8099%2C%22scheduled%22%3Atrue%2C%22serviceName%22%3A%22DEFAULT_GROUP%40%40service-provider%22%2C%22weight%22%3A1.0%7D&serviceName=DEFAULT_GROUP%40%40service-provider&encoding=UTF-8&namespaceId=public HTTP/1.1" 200 38 4 Nacos-Java-Client:v1.0.0
127.0.0.1 - - [30/Nov/2019:07:54:34 +0800] "PUT /nacos/v1/ns/instance/beat?beat=%7B%22cluster%22%3A%22DEFAULT%22%2C%22ip%22%3A%22192.168.2.109%22%2C%22metadata%22%3A%7B%22preserved.register.source%22%3A%22SPRING_CLOUD%22%7D%2C%22port%22%3A8080%2C%22scheduled%22%3Atrue%2C%22serviceName%22%3A%22DEFAULT_GROUP%40%40service-consumer%22%2C%22weight%22%3A1.0%7D&serviceName=DEFAULT_GROUP%40%40service-consumer&encoding=UTF-8&namespaceId=public HTTP/1.1" 200 38 7 Nacos-Java-Client:v1.0.0
127.0.0.1 - - [30/Nov/2019:07:54:35 +0800] "GET /nacos/v1/ns/instance/list?healthyOnly=false&namespaceId=public&clientIP=192.168.2.109&serviceName=DEFAULT_GROUP%40%40service-provider&udpPort=50315&encoding=UTF-8 HTTP/1.1" 200 584 4 Nacos-Java-Client:v1.0.0
127.0.0.1 - - [30/Nov/2019:07:54:36 +0800] "GET /nacos/v1/ns/instance/list?healthyOnly=false&namespaceId=public&clientIP=192.168.2.109&serviceName=DEFAULT_GROUP%40%40service-provider&udpPort=49572&encoding=UTF-8 HTTP/1.1" 200 584 4 Nacos-Java-Client:v1.0.0
192.168.2.109 - - [30/Nov/2019:07:54:38 +0800] "GET /nacos/v1/cs/health HTTP/1.1" 200 2 4 Apache-HttpAsyncClient/4.1.3 (Java/1.8.0_231)
0:0:0:0:0:0:0:1 - - [30/Nov/2019:07:54:38 +0800] "DELETE /nacos/v1/cs/configs?dataId=service-provide-default.properties&group=cloud&tenant= HTTP/1.1" 200 14 132 Mozilla/5.0 (Windows NT 10.0; Win64; x64) AppleWebKit/537.36 (KHTML, like Gecko) Chrome/78.0.3904.108 Safari/537.36
192.168.2.109 - - [30/Nov/2019:07:54:38 +0800] "GET /nacos/v1/cs/communication/dataChange?dataId=service-provide-default.properties&group=cloud HTTP/1.1" 200 14 7 Apache-HttpAsyncClient/4.1.3 (Java/1.8.0_231)
127.0.0.1 - - [30/Nov/2019:07:54:39 +0800] "PUT /nacos/v1/ns/instance/beat?beat=%7B%22cluster%22%3A%22DEFAULT%22%2C%22ip%22%3A%22192.168.2.109%22%2C%22metadata%22%3A%7B%22preserved.register.source%22%3A%22SPRING_CLOUD%22%7D%2C%22port%22%3A8099%2C%22scheduled%22%3Atrue%2C%22serviceName%22%3A%22DEFAULT_GROUP%40%40service-provider%22%2C%22weight%22%3A1.0%7D&serviceName=DEFAULT_GROUP%40%40service-provider&encoding=UTF-8&namespaceId=public HTTP/1.1" 200 38 0 Nacos-Java-Client:v1.0.0
0:0:0:0:0:0:0:1 - - [30/Nov/2019:07:54:39 +0800] "GET /nacos/v1/cs/configs?search=accurate&dataId=&group=&appName=&config_tags=&pageNo=1&pageSize=10&tenant=&namespaceId= HTTP/1.1" 200 210 8 Mozilla/5.0 (Windows NT 10.0; Win64; x64) AppleWebKit/537.36 (KHTML, like Gecko) Chrome/78.0.3904.108 Safari/537.36
127.0.0.1 - - [30/Nov/2019:07:54:39 +0800] "PUT /nacos/v1/ns/instance/beat?beat=%7B%22cluster%22%3A%22DEFAULT%22%2C%22ip%22%3A%22192.168.2.109%22%2C%22metadata%22%3A%7B%22preserved.register.source%22%3A%22SPRING_CLOUD%22%7D%2C%22port%22%3A8080%2C%22scheduled%22%3Atrue%2C%22serviceName%22%3A%22DEFAULT_GROUP%40%40service-consumer%22%2C%22weight%22%3A1.0%7D&serviceName=DEFAULT_GROUP%40%40service-consumer&encoding=UTF-8&namespaceId=public HTTP/1.1" 200 38 7 Nacos-Java-Client:v1.0.0
0:0:0:0:0:0:0:1 - - [30/Nov/2019:07:54:43 +0800] "GET /nacos/v1/ns/catalog/services?hasIpCount=false&withInstances=false&pageNo=1&pageSize=10&serviceNameParam=&groupNameParam=&namespaceId= HTTP/1.1" 200 303 6 Mozilla/5.0 (Windows NT 10.0; Win64; x64) AppleWebKit/537.36 (KHTML, like Gecko) Chrome/78.0.3904.108 Safari/537.36
192.168.2.109 - - [30/Nov/2019:07:54:43 +0800] "GET /nacos/v1/cs/health HTTP/1.1" 200 2 4 Apache-HttpAsyncClient/4.1.3 (Java/1.8.0_231)
127.0.0.1 - - [30/Nov/2019:07:54:44 +0800] "PUT /nacos/v1/ns/instance/beat?beat=%7B%22cluster%22%3A%22DEFAULT%22%2C%22ip%22%3A%22192.168.2.109%22%2C%22metadata%22%3A%7B%22preserved.register.source%22%3A%22SPRING_CLOUD%22%7D%2C%22port%22%3A8099%2C%22scheduled%22%3Atrue%2C%22serviceName%22%3A%22DEFAULT_GROUP%40%40service-provider%22%2C%22weight%22%3A1.0%7D&serviceName=DEFAULT_GROUP%40%40service-provider&encoding=UTF-8&namespaceId=public HTTP/1.1" 200 38 6 Nacos-Java-Client:v1.0.0
127.0.0.1 - - [30/Nov/2019:07:54:44 +0800] "PUT /nacos/v1/ns/instance/beat?beat=%7B%22cluster%22%3A%22DEFAULT%22%2C%22ip%22%3A%22192.168.2.109%22%2C%22metadata%22%3A%7B%22preserved.register.source%22%3A%22SPRING_CLOUD%22%7D%2C%22port%22%3A8080%2C%22scheduled%22%3Atrue%2C%22serviceName%22%3A%22DEFAULT_GROUP%40%40service-consumer%22%2C%22weight%22%3A1.0%7D&serviceName=DEFAULT_GROUP%40%40service-consumer&encoding=UTF-8&namespaceId=public HTTP/1.1" 200 38 4 Nacos-Java-Client:v1.0.0
127.0.0.1 - - [30/Nov/2019:07:54:44 +0800] "POST /nacos/v1/cs/configs/listener HTTP/1.1" 200 - 29502 Java/1.8.0_231
127.0.0.1 - - [30/Nov/2019:07:54:44 +0800] "GET /nacos/v1/ns/service/list?pageSize=2147483647&groupName=DEFAULT_GROUP&encoding=UTF-8&namespaceId=public&pageNo=1 HTTP/1.1" 200 69 7 Nacos-Java-Client:v1.0.0
127.0.0.1 - - [30/Nov/2019:07:54:44 +0800] "GET /nacos/v1/ns/instance/list?healthyOnly=false&namespaceId=public&clientIP=192.168.2.109&serviceName=DEFAULT_GROUP%40%40service-consumer&udpPort=49572&encoding=UTF-8 HTTP/1.1" 200 584 5 Nacos-Java-Client:v1.0.0
127.0.0.1 - - [30/Nov/2019:07:54:44 +0800] "GET /nacos/v1/ns/service/list?pageSize=2147483647&groupName=DEFAULT_GROUP&encoding=UTF-8&namespaceId=public&pageNo=1 HTTP/1.1" 200 69 4 Nacos-Java-Client:v1.0.0
127.0.0.1 - - [30/Nov/2019:07:54:44 +0800] "GET /nacos/v1/ns/instance/list?healthyOnly=false&namespaceId=public&clientIP=192.168.2.109&serviceName=DEFAULT_GROUP%40%40service-consumer&udpPort=50315&encoding=UTF-8 HTTP/1.1" 200 584 0 Nacos-Java-Client:v1.0.0
127.0.0.1 - - [30/Nov/2019:07:54:45 +0800] "GET /nacos/v1/ns/instance/list?healthyOnly=false&namespaceId=public&clientIP=192.168.2.109&serviceName=DEFAULT_GROUP%40%40service-consumer&udpPort=49572&encoding=UTF-8 HTTP/1.1" 200 584 5 Nacos-Java-Client:v1.0.0
127.0.0.1 - - [30/Nov/2019:07:54:45 +0800] "GET /nacos/v1/ns/instance/list?healthyOnly=false&namespaceId=public&clientIP=192.168.2.109&serviceName=DEFAULT_GROUP%40%40service-consumer&udpPort=50315&encoding=UTF-8 HTTP/1.1" 200 584 1 Nacos-Java-Client:v1.0.0
127.0.0.1 - - [30/Nov/2019:07:54:45 +0800] "GET /nacos/v1/ns/instance/list?healthyOnly=false&namespaceId=public&clientIP=192.168.2.109&serviceName=DEFAULT_GROUP%40%40service-provider&udpPort=50315&encoding=UTF-8 HTTP/1.1" 200 584 1 Nacos-Java-Client:v1.0.0
127.0.0.1 - - [30/Nov/2019:07:54:46 +0800] "GET /nacos/v1/ns/instance/list?healthyOnly=false&namespaceId=public&clientIP=192.168.2.109&serviceName=DEFAULT_GROUP%40%40service-provider&udpPort=49572&encoding=UTF-8 HTTP/1.1" 200 584 0 Nacos-Java-Client:v1.0.0
0:0:0:0:0:0:0:1 - - [30/Nov/2019:07:54:46 +0800] "GET /nacos/v1/cs/configs?search=accurate&dataId=&group=&appName=&config_tags=&pageNo=1&pageSize=10&tenant=&namespaceId= HTTP/1.1" 200 210 16 Mozilla/5.0 (Windows NT 10.0; Win64; x64) AppleWebKit/537.36 (KHTML, like Gecko) Chrome/78.0.3904.108 Safari/537.36
192.168.2.109 - - [30/Nov/2019:07:54:48 +0800] "GET /nacos/v1/cs/health HTTP/1.1" 200 2 0 Apache-HttpAsyncClient/4.1.3 (Java/1.8.0_231)
127.0.0.1 - - [30/Nov/2019:07:54:49 +0800] "PUT /nacos/v1/ns/instance/beat?beat=%7B%22cluster%22%3A%22DEFAULT%22%2C%22ip%22%3A%22192.168.2.109%22%2C%22metadata%22%3A%7B%22preserved.register.source%22%3A%22SPRING_CLOUD%22%7D%2C%22port%22%3A8099%2C%22scheduled%22%3Atrue%2C%22serviceName%22%3A%22DEFAULT_GROUP%40%40service-provider%22%2C%22weight%22%3A1.0%7D&serviceName=DEFAULT_GROUP%40%40service-provider&encoding=UTF-8&namespaceId=public HTTP/1.1" 200 38 7 Nacos-Java-Client:v1.0.0
127.0.0.1 - - [30/Nov/2019:07:54:49 +0800] "PUT /nacos/v1/ns/instance/beat?beat=%7B%22cluster%22%3A%22DEFAULT%22%2C%22ip%22%3A%22192.168.2.109%22%2C%22metadata%22%3A%7B%22preserved.register.source%22%3A%22SPRING_CLOUD%22%7D%2C%22port%22%3A8080%2C%22scheduled%22%3Atrue%2C%22serviceName%22%3A%22DEFAULT_GROUP%40%40service-consumer%22%2C%22weight%22%3A1.0%7D&serviceName=DEFAULT_GROUP%40%40service-consumer&encoding=UTF-8&namespaceId=public HTTP/1.1" 200 38 5 Nacos-Java-Client:v1.0.0
192.168.2.109 - - [30/Nov/2019:07:54:53 +0800] "GET /nacos/v1/cs/health HTTP/1.1" 200 2 3 Apache-HttpAsyncClient/4.1.3 (Java/1.8.0_231)
127.0.0.1 - - [30/Nov/2019:07:54:54 +0800] "PUT /nacos/v1/ns/instance/beat?beat=%7B%22cluster%22%3A%22DEFAULT%22%2C%22ip%22%3A%22192.168.2.109%22%2C%22metadata%22%3A%7B%22preserved.register.source%22%3A%22SPRING_CLOUD%22%7D%2C%22port%22%3A8099%2C%22scheduled%22%3Atrue%2C%22serviceName%22%3A%22DEFAULT_GROUP%40%40service-provider%22%2C%22weight%22%3A1.0%7D&serviceName=DEFAULT_GROUP%40%40service-provider&encoding=UTF-8&namespaceId=public HTTP/1.1" 200 38 6 Nacos-Java-Client:v1.0.0
127.0.0.1 - - [30/Nov/2019:07:54:54 +0800] "PUT /nacos/v1/ns/instance/beat?beat=%7B%22cluster%22%3A%22DEFAULT%22%2C%22ip%22%3A%22192.168.2.109%22%2C%22metadata%22%3A%7B%22preserved.register.source%22%3A%22SPRING_CLOUD%22%7D%2C%22port%22%3A8080%2C%22scheduled%22%3Atrue%2C%22serviceName%22%3A%22DEFAULT_GROUP%40%40service-consumer%22%2C%22weight%22%3A1.0%7D&serviceName=DEFAULT_GROUP%40%40service-consumer&encoding=UTF-8&namespaceId=public HTTP/1.1" 200 38 8 Nacos-Java-Client:v1.0.0
0:0:0:0:0:0:0:1 - - [30/Nov/2019:07:54:54 +0800] "GET /nacos/console-fe/public/js/vs/base/worker/workerMain.js HTTP/1.1" 304 - 17 Mozilla/5.0 (Windows NT 10.0; Win64; x64) AppleWebKit/537.36 (KHTML, like Gecko) Chrome/78.0.3904.108 Safari/537.36
127.0.0.1 - - [30/Nov/2019:07:54:55 +0800] "GET /nacos/v1/ns/instance/list?healthyOnly=false&namespaceId=public&clientIP=192.168.2.109&serviceName=DEFAULT_GROUP%40%40service-consumer&udpPort=49572&encoding=UTF-8 HTTP/1.1" 200 584 4 Nacos-Java-Client:v1.0.0
127.0.0.1 - - [30/Nov/2019:07:54:55 +0800] "GET /nacos/v1/ns/instance/list?healthyOnly=false&namespaceId=public&clientIP=192.168.2.109&serviceName=DEFAULT_GROUP%40%40service-consumer&udpPort=50315&encoding=UTF-8 HTTP/1.1" 200 584 4 Nacos-Java-Client:v1.0.0
127.0.0.1 - - [30/Nov/2019:07:54:55 +0800] "GET /nacos/v1/ns/instance/list?healthyOnly=false&namespaceId=public&clientIP=192.168.2.109&serviceName=DEFAULT_GROUP%40%40service-provider&udpPort=50315&encoding=UTF-8 HTTP/1.1" 200 584 4 Nacos-Java-Client:v1.0.0
127.0.0.1 - - [30/Nov/2019:07:54:56 +0800] "GET /nacos/v1/ns/instance/list?healthyOnly=false&namespaceId=public&clientIP=192.168.2.109&serviceName=DEFAULT_GROUP%40%40service-provider&udpPort=49572&encoding=UTF-8 HTTP/1.1" 200 584 4 Nacos-Java-Client:v1.0.0
192.168.2.109 - - [30/Nov/2019:07:54:58 +0800] "GET /nacos/v1/cs/health HTTP/1.1" 200 2 4 Apache-HttpAsyncClient/4.1.3 (Java/1.8.0_231)
127.0.0.1 - - [30/Nov/2019:07:54:59 +0800] "PUT /nacos/v1/ns/instance/beat?beat=%7B%22cluster%22%3A%22DEFAULT%22%2C%22ip%22%3A%22192.168.2.109%22%2C%22metadata%22%3A%7B%22preserved.register.source%22%3A%22SPRING_CLOUD%22%7D%2C%22port%22%3A8099%2C%22scheduled%22%3Atrue%2C%22serviceName%22%3A%22DEFAULT_GROUP%40%40service-provider%22%2C%22weight%22%3A1.0%7D&serviceName=DEFAULT_GROUP%40%40service-provider&encoding=UTF-8&namespaceId=public HTTP/1.1" 200 38 4 Nacos-Java-Client:v1.0.0
127.0.0.1 - - [30/Nov/2019:07:54:59 +0800] "PUT /nacos/v1/ns/instance/beat?beat=%7B%22cluster%22%3A%22DEFAULT%22%2C%22ip%22%3A%22192.168.2.109%22%2C%22metadata%22%3A%7B%22preserved.register.source%22%3A%22SPRING_CLOUD%22%7D%2C%22port%22%3A8080%2C%22scheduled%22%3Atrue%2C%22serviceName%22%3A%22DEFAULT_GROUP%40%40service-consumer%22%2C%22weight%22%3A1.0%7D&serviceName=DEFAULT_GROUP%40%40service-consumer&encoding=UTF-8&namespaceId=public HTTP/1.1" 200 38 2 Nacos-Java-Client:v1.0.0
127.0.0.1 - - [30/Nov/2019:07:55:00 +0800] "POST /nacos/v1/cs/configs/listener HTTP/1.1" 200 - 29505 Java/1.8.0_231
192.168.2.109 - - [30/Nov/2019:07:55:03 +0800] "GET /nacos/v1/cs/health HTTP/1.1" 200 2 0 Apache-HttpAsyncClient/4.1.3 (Java/1.8.0_231)
127.0.0.1 - - [30/Nov/2019:07:55:04 +0800] "PUT /nacos/v1/ns/instance/beat?beat=%7B%22cluster%22%3A%22DEFAULT%22%2C%22ip%22%3A%22192.168.2.109%22%2C%22metadata%22%3A%7B%22preserved.register.source%22%3A%22SPRING_CLOUD%22%7D%2C%22port%22%3A8099%2C%22scheduled%22%3Atrue%2C%22serviceName%22%3A%22DEFAULT_GROUP%40%40service-provider%22%2C%22weight%22%3A1.0%7D&serviceName=DEFAULT_GROUP%40%40service-provider&encoding=UTF-8&namespaceId=public HTTP/1.1" 200 38 4 Nacos-Java-Client:v1.0.0
127.0.0.1 - - [30/Nov/2019:07:55:04 +0800] "PUT /nacos/v1/ns/instance/beat?beat=%7B%22cluster%22%3A%22DEFAULT%22%2C%22ip%22%3A%22192.168.2.109%22%2C%22metadata%22%3A%7B%22preserved.register.source%22%3A%22SPRING_CLOUD%22%7D%2C%22port%22%3A8080%2C%22scheduled%22%3Atrue%2C%22serviceName%22%3A%22DEFAULT_GROUP%40%40service-consumer%22%2C%22weight%22%3A1.0%7D&serviceName=DEFAULT_GROUP%40%40service-consumer&encoding=UTF-8&namespaceId=public HTTP/1.1" 200 38 3 Nacos-Java-Client:v1.0.0
127.0.0.1 - - [30/Nov/2019:07:55:05 +0800] "GET /nacos/v1/ns/instance/list?healthyOnly=false&namespaceId=public&clientIP=192.168.2.109&serviceName=DEFAULT_GROUP%40%40service-consumer&udpPort=49572&encoding=UTF-8 HTTP/1.1" 200 584 6 Nacos-Java-Client:v1.0.0
127.0.0.1 - - [30/Nov/2019:07:55:05 +0800] "GET /nacos/v1/ns/instance/list?healthyOnly=false&namespaceId=public&clientIP=192.168.2.109&serviceName=DEFAULT_GROUP%40%40service-provider&udpPort=50315&encoding=UTF-8 HTTP/1.1" 200 584 0 Nacos-Java-Client:v1.0.0
127.0.0.1 - - [30/Nov/2019:07:55:05 +0800] "GET /nacos/v1/ns/instance/list?healthyOnly=false&namespaceId=public&clientIP=192.168.2.109&serviceName=DEFAULT_GROUP%40%40service-consumer&udpPort=50315&encoding=UTF-8 HTTP/1.1" 200 584 4 Nacos-Java-Client:v1.0.0
127.0.0.1 - - [30/Nov/2019:07:55:06 +0800] "GET /nacos/v1/ns/instance/list?healthyOnly=false&namespaceId=public&clientIP=192.168.2.109&serviceName=DEFAULT_GROUP%40%40service-provider&udpPort=49572&encoding=UTF-8 HTTP/1.1" 200 584 1 Nacos-Java-Client:v1.0.0
192.168.2.109 - - [30/Nov/2019:07:55:08 +0800] "GET /nacos/v1/cs/health HTTP/1.1" 200 2 4 Apache-HttpAsyncClient/4.1.3 (Java/1.8.0_231)
127.0.0.1 - - [30/Nov/2019:07:55:09 +0800] "PUT /nacos/v1/ns/instance/beat?beat=%7B%22cluster%22%3A%22DEFAULT%22%2C%22ip%22%3A%22192.168.2.109%22%2C%22metadata%22%3A%7B%22preserved.register.source%22%3A%22SPRING_CLOUD%22%7D%2C%22port%22%3A8099%2C%22scheduled%22%3Atrue%2C%22serviceName%22%3A%22DEFAULT_GROUP%40%40service-provider%22%2C%22weight%22%3A1.0%7D&serviceName=DEFAULT_GROUP%40%40service-provider&encoding=UTF-8&namespaceId=public HTTP/1.1" 200 38 4 Nacos-Java-Client:v1.0.0
127.0.0.1 - - [30/Nov/2019:07:55:09 +0800] "PUT /nacos/v1/ns/instance/beat?beat=%7B%22cluster%22%3A%22DEFAULT%22%2C%22ip%22%3A%22192.168.2.109%22%2C%22metadata%22%3A%7B%22preserved.register.source%22%3A%22SPRING_CLOUD%22%7D%2C%22port%22%3A8080%2C%22scheduled%22%3Atrue%2C%22serviceName%22%3A%22DEFAULT_GROUP%40%40service-consumer%22%2C%22weight%22%3A1.0%7D&serviceName=DEFAULT_GROUP%40%40service-consumer&encoding=UTF-8&namespaceId=public HTTP/1.1" 200 38 8 Nacos-Java-Client:v1.0.0
192.168.2.109 - - [30/Nov/2019:07:55:13 +0800] "GET /nacos/v1/cs/health HTTP/1.1" 200 2 6 Apache-HttpAsyncClient/4.1.3 (Java/1.8.0_231)
127.0.0.1 - - [30/Nov/2019:07:55:14 +0800] "PUT /nacos/v1/ns/instance/beat?beat=%7B%22cluster%22%3A%22DEFAULT%22%2C%22ip%22%3A%22192.168.2.109%22%2C%22metadata%22%3A%7B%22preserved.register.source%22%3A%22SPRING_CLOUD%22%7D%2C%22port%22%3A8099%2C%22scheduled%22%3Atrue%2C%22serviceName%22%3A%22DEFAULT_GROUP%40%40service-provider%22%2C%22weight%22%3A1.0%7D&serviceName=DEFAULT_GROUP%40%40service-provider&encoding=UTF-8&namespaceId=public HTTP/1.1" 200 38 5 Nacos-Java-Client:v1.0.0
127.0.0.1 - - [30/Nov/2019:07:55:14 +0800] "POST /nacos/v1/cs/configs/listener HTTP/1.1" 200 - 29510 Java/1.8.0_231
127.0.0.1 - - [30/Nov/2019:07:55:14 +0800] "PUT /nacos/v1/ns/instance/beat?beat=%7B%22cluster%22%3A%22DEFAULT%22%2C%22ip%22%3A%22192.168.2.109%22%2C%22metadata%22%3A%7B%22preserved.register.source%22%3A%22SPRING_CLOUD%22%7D%2C%22port%22%3A8080%2C%22scheduled%22%3Atrue%2C%22serviceName%22%3A%22DEFAULT_GROUP%40%40service-consumer%22%2C%22weight%22%3A1.0%7D&serviceName=DEFAULT_GROUP%40%40service-consumer&encoding=UTF-8&namespaceId=public HTTP/1.1" 200 38 1 Nacos-Java-Client:v1.0.0
127.0.0.1 - - [30/Nov/2019:07:55:14 +0800] "GET /nacos/v1/ns/service/list?pageSize=2147483647&groupName=DEFAULT_GROUP&encoding=UTF-8&namespaceId=public&pageNo=1 HTTP/1.1" 200 69 4 Nacos-Java-Client:v1.0.0
127.0.0.1 - - [30/Nov/2019:07:55:14 +0800] "GET /nacos/v1/ns/service/list?pageSize=2147483647&groupName=DEFAULT_GROUP&encoding=UTF-8&namespaceId=public&pageNo=1 HTTP/1.1" 200 69 4 Nacos-Java-Client:v1.0.0
127.0.0.1 - - [30/Nov/2019:07:55:15 +0800] "GET /nacos/v1/ns/instance/list?healthyOnly=false&namespaceId=public&clientIP=192.168.2.109&serviceName=DEFAULT_GROUP%40%40service-consumer&udpPort=49572&encoding=UTF-8 HTTP/1.1" 200 584 5 Nacos-Java-Client:v1.0.0
127.0.0.1 - - [30/Nov/2019:07:55:15 +0800] "GET /nacos/v1/ns/instance/list?healthyOnly=false&namespaceId=public&clientIP=192.168.2.109&serviceName=DEFAULT_GROUP%40%40service-provider&udpPort=50315&encoding=UTF-8 HTTP/1.1" 200 584 1 Nacos-Java-Client:v1.0.0
127.0.0.1 - - [30/Nov/2019:07:55:15 +0800] "GET /nacos/v1/ns/instance/list?healthyOnly=false&namespaceId=public&clientIP=192.168.2.109&serviceName=DEFAULT_GROUP%40%40service-consumer&udpPort=50315&encoding=UTF-8 HTTP/1.1" 200 584 1 Nacos-Java-Client:v1.0.0
127.0.0.1 - - [30/Nov/2019:07:55:16 +0800] "GET /nacos/v1/ns/instance/list?healthyOnly=false&namespaceId=public&clientIP=192.168.2.109&serviceName=DEFAULT_GROUP%40%40service-provider&udpPort=49572&encoding=UTF-8 HTTP/1.1" 200 584 3 Nacos-Java-Client:v1.0.0
192.168.2.109 - - [30/Nov/2019:07:55:18 +0800] "GET /nacos/v1/cs/health HTTP/1.1" 200 2 2 Apache-HttpAsyncClient/4.1.3 (Java/1.8.0_231)
127.0.0.1 - - [30/Nov/2019:07:55:19 +0800] "PUT /nacos/v1/ns/instance/beat?beat=%7B%22cluster%22%3A%22DEFAULT%22%2C%22ip%22%3A%22192.168.2.109%22%2C%22metadata%22%3A%7B%22preserved.register.source%22%3A%22SPRING_CLOUD%22%7D%2C%22port%22%3A8099%2C%22scheduled%22%3Atrue%2C%22serviceName%22%3A%22DEFAULT_GROUP%40%40service-provider%22%2C%22weight%22%3A1.0%7D&serviceName=DEFAULT_GROUP%40%40service-provider&encoding=UTF-8&namespaceId=public HTTP/1.1" 200 38 2 Nacos-Java-Client:v1.0.0
127.0.0.1 - - [30/Nov/2019:07:55:19 +0800] "PUT /nacos/v1/ns/instance/beat?beat=%7B%22cluster%22%3A%22DEFAULT%22%2C%22ip%22%3A%22192.168.2.109%22%2C%22metadata%22%3A%7B%22preserved.register.source%22%3A%22SPRING_CLOUD%22%7D%2C%22port%22%3A8080%2C%22scheduled%22%3Atrue%2C%22serviceName%22%3A%22DEFAULT_GROUP%40%40service-consumer%22%2C%22weight%22%3A1.0%7D&serviceName=DEFAULT_GROUP%40%40service-consumer&encoding=UTF-8&namespaceId=public HTTP/1.1" 200 38 0 Nacos-Java-Client:v1.0.0
0:0:0:0:0:0:0:1 - - [30/Nov/2019:07:55:19 +0800] "GET /nacos/console-fe/public/js/vs/editor/contrib/suggest/browser/media/String_inverse_16x.svg HTTP/1.1" 304 - 15 Mozilla/5.0 (Windows NT 10.0; Win64; x64) AppleWebKit/537.36 (KHTML, like Gecko) Chrome/78.0.3904.108 Safari/537.36
192.168.2.109 - - [30/Nov/2019:07:55:23 +0800] "GET /nacos/v1/cs/health HTTP/1.1" 200 2 1 Apache-HttpAsyncClient/4.1.3 (Java/1.8.0_231)
127.0.0.1 - - [30/Nov/2019:07:55:24 +0800] "PUT /nacos/v1/ns/instance/beat?beat=%7B%22cluster%22%3A%22DEFAULT%22%2C%22ip%22%3A%22192.168.2.109%22%2C%22metadata%22%3A%7B%22preserved.register.source%22%3A%22SPRING_CLOUD%22%7D%2C%22port%22%3A8099%2C%22scheduled%22%3Atrue%2C%22serviceName%22%3A%22DEFAULT_GROUP%40%40service-provider%22%2C%22weight%22%3A1.0%7D&serviceName=DEFAULT_GROUP%40%40service-provider&encoding=UTF-8&namespaceId=public HTTP/1.1" 200 38 5 Nacos-Java-Client:v1.0.0
127.0.0.1 - - [30/Nov/2019:07:55:24 +0800] "PUT /nacos/v1/ns/instance/beat?beat=%7B%22cluster%22%3A%22DEFAULT%22%2C%22ip%22%3A%22192.168.2.109%22%2C%22metadata%22%3A%7B%22preserved.register.source%22%3A%22SPRING_CLOUD%22%7D%2C%22port%22%3A8080%2C%22scheduled%22%3Atrue%2C%22serviceName%22%3A%22DEFAULT_GROUP%40%40service-consumer%22%2C%22weight%22%3A1.0%7D&serviceName=DEFAULT_GROUP%40%40service-consumer&encoding=UTF-8&namespaceId=public HTTP/1.1" 200 38 1 Nacos-Java-Client:v1.0.0
127.0.0.1 - - [30/Nov/2019:07:55:25 +0800] "GET /nacos/v1/ns/instance/list?healthyOnly=false&namespaceId=public&clientIP=192.168.2.109&serviceName=DEFAULT_GROUP%40%40service-consumer&udpPort=49572&encoding=UTF-8 HTTP/1.1" 200 584 4 Nacos-Java-Client:v1.0.0
127.0.0.1 - - [30/Nov/2019:07:55:25 +0800] "GET /nacos/v1/ns/instance/list?healthyOnly=false&namespaceId=public&clientIP=192.168.2.109&serviceName=DEFAULT_GROUP%40%40service-consumer&udpPort=50315&encoding=UTF-8 HTTP/1.1" 200 584 0 Nacos-Java-Client:v1.0.0
127.0.0.1 - - [30/Nov/2019:07:55:25 +0800] "GET /nacos/v1/ns/instance/list?healthyOnly=false&namespaceId=public&clientIP=192.168.2.109&serviceName=DEFAULT_GROUP%40%40service-provider&udpPort=50315&encoding=UTF-8 HTTP/1.1" 200 584 0 Nacos-Java-Client:v1.0.0
127.0.0.1 - - [30/Nov/2019:07:55:26 +0800] "GET /nacos/v1/ns/instance/list?healthyOnly=false&namespaceId=public&clientIP=192.168.2.109&serviceName=DEFAULT_GROUP%40%40service-provider&udpPort=49572&encoding=UTF-8 HTTP/1.1" 200 584 0 Nacos-Java-Client:v1.0.0
192.168.2.109 - - [30/Nov/2019:07:55:28 +0800] "GET /nacos/v1/cs/health HTTP/1.1" 200 2 4 Apache-HttpAsyncClient/4.1.3 (Java/1.8.0_231)
127.0.0.1 - - [30/Nov/2019:07:55:29 +0800] "PUT /nacos/v1/ns/instance/beat?beat=%7B%22cluster%22%3A%22DEFAULT%22%2C%22ip%22%3A%22192.168.2.109%22%2C%22metadata%22%3A%7B%22preserved.register.source%22%3A%22SPRING_CLOUD%22%7D%2C%22port%22%3A8099%2C%22scheduled%22%3Atrue%2C%22serviceName%22%3A%22DEFAULT_GROUP%40%40service-provider%22%2C%22weight%22%3A1.0%7D&serviceName=DEFAULT_GROUP%40%40service-provider&encoding=UTF-8&namespaceId=public HTTP/1.1" 200 38 4 Nacos-Java-Client:v1.0.0
127.0.0.1 - - [30/Nov/2019:07:55:29 +0800] "PUT /nacos/v1/ns/instance/beat?beat=%7B%22cluster%22%3A%22DEFAULT%22%2C%22ip%22%3A%22192.168.2.109%22%2C%22metadata%22%3A%7B%22preserved.register.source%22%3A%22SPRING_CLOUD%22%7D%2C%22port%22%3A8080%2C%22scheduled%22%3Atrue%2C%22serviceName%22%3A%22DEFAULT_GROUP%40%40service-consumer%22%2C%22weight%22%3A1.0%7D&serviceName=DEFAULT_GROUP%40%40service-consumer&encoding=UTF-8&namespaceId=public HTTP/1.1" 200 38 6 Nacos-Java-Client:v1.0.0
127.0.0.1 - - [30/Nov/2019:07:55:29 +0800] "POST /nacos/v1/cs/configs/listener HTTP/1.1" 200 - 29508 Java/1.8.0_231
0:0:0:0:0:0:0:1 - - [30/Nov/2019:07:55:32 +0800] "GET /nacos/v1/cs/configs?show=all&dataId=service-consumer-test.properties&group=cloud&tenant=&namespaceId= HTTP/1.1" 200 - 17 Mozilla/5.0 (Windows NT 10.0; Win64; x64) AppleWebKit/537.36 (KHTML, like Gecko) Chrome/78.0.3904.108 Safari/537.36
0:0:0:0:0:0:0:1 - - [30/Nov/2019:07:55:32 +0800] "POST /nacos/v1/cs/configs HTTP/1.1" 200 14 70 Mozilla/5.0 (Windows NT 10.0; Win64; x64) AppleWebKit/537.36 (KHTML, like Gecko) Chrome/78.0.3904.108 Safari/537.36
192.168.2.109 - - [30/Nov/2019:07:55:32 +0800] "GET /nacos/v1/cs/communication/dataChange?dataId=service-consumer-test.properties&group=cloud HTTP/1.1" 200 14 6 Apache-HttpAsyncClient/4.1.3 (Java/1.8.0_231)
127.0.0.1 - - [30/Nov/2019:07:55:33 +0800] "POST /nacos/v1/cs/configs/listener HTTP/1.1" 200 45 19024 Java/1.8.0_231
127.0.0.1 - - [30/Nov/2019:07:55:33 +0800] "GET /nacos/v1/cs/configs?dataId=service-consumer-test.properties&group=cloud HTTP/1.1" 200 16 3 Java/1.8.0_231
192.168.2.109 - - [30/Nov/2019:07:55:33 +0800] "GET /nacos/v1/cs/health HTTP/1.1" 200 2 2 Apache-HttpAsyncClient/4.1.3 (Java/1.8.0_231)
127.0.0.1 - - [30/Nov/2019:07:55:34 +0800] "PUT /nacos/v1/ns/instance/beat?beat=%7B%22cluster%22%3A%22DEFAULT%22%2C%22ip%22%3A%22192.168.2.109%22%2C%22metadata%22%3A%7B%22preserved.register.source%22%3A%22SPRING_CLOUD%22%7D%2C%22port%22%3A8099%2C%22scheduled%22%3Atrue%2C%22serviceName%22%3A%22DEFAULT_GROUP%40%40service-provider%22%2C%22weight%22%3A1.0%7D&serviceName=DEFAULT_GROUP%40%40service-provider&encoding=UTF-8&namespaceId=public HTTP/1.1" 200 38 5 Nacos-Java-Client:v1.0.0
127.0.0.1 - - [30/Nov/2019:07:55:34 +0800] "GET /nacos/v1/cs/configs?dataId=service-consumer.properties&group=cloud HTTP/1.1" 404 23 8 Java/1.8.0_231
127.0.0.1 - - [30/Nov/2019:07:55:34 +0800] "GET /nacos/v1/cs/configs?dataId=service-consumer-test.properties&group=cloud HTTP/1.1" 200 16 5 Java/1.8.0_231
127.0.0.1 - - [30/Nov/2019:07:55:34 +0800] "PUT /nacos/v1/ns/instance/beat?beat=%7B%22cluster%22%3A%22DEFAULT%22%2C%22ip%22%3A%22192.168.2.109%22%2C%22metadata%22%3A%7B%22preserved.register.source%22%3A%22SPRING_CLOUD%22%7D%2C%22port%22%3A8080%2C%22scheduled%22%3Atrue%2C%22serviceName%22%3A%22DEFAULT_GROUP%40%40service-consumer%22%2C%22weight%22%3A1.0%7D&serviceName=DEFAULT_GROUP%40%40service-consumer&encoding=UTF-8&namespaceId=public HTTP/1.1" 200 38 0 Nacos-Java-Client:v1.0.0
127.0.0.1 - - [30/Nov/2019:07:55:35 +0800] "GET /nacos/v1/ns/instance/list?healthyOnly=false&namespaceId=public&clientIP=192.168.2.109&serviceName=DEFAULT_GROUP%40%40service-consumer&udpPort=49572&encoding=UTF-8 HTTP/1.1" 200 584 4 Nacos-Java-Client:v1.0.0
127.0.0.1 - - [30/Nov/2019:07:55:35 +0800] "GET /nacos/v1/ns/instance/list?healthyOnly=false&namespaceId=public&clientIP=192.168.2.109&serviceName=DEFAULT_GROUP%40%40service-provider&udpPort=50315&encoding=UTF-8 HTTP/1.1" 200 584 6 Nacos-Java-Client:v1.0.0
127.0.0.1 - - [30/Nov/2019:07:55:35 +0800] "GET /nacos/v1/ns/instance/list?healthyOnly=false&namespaceId=public&clientIP=192.168.2.109&serviceName=DEFAULT_GROUP%40%40service-consumer&udpPort=50315&encoding=UTF-8 HTTP/1.1" 200 584 7 Nacos-Java-Client:v1.0.0
127.0.0.1 - - [30/Nov/2019:07:55:36 +0800] "GET /nacos/v1/ns/instance/list?healthyOnly=false&namespaceId=public&clientIP=192.168.2.109&serviceName=DEFAULT_GROUP%40%40service-provider&udpPort=49572&encoding=UTF-8 HTTP/1.1" 200 584 4 Nacos-Java-Client:v1.0.0
0:0:0:0:0:0:0:1 - - [30/Nov/2019:07:55:38 +0800] "GET /nacos/v1/cs/configs?search=accurate&dataId=&group=&appName=&config_tags=&pageNo=1&pageSize=10&tenant=&namespaceId= HTTP/1.1" 200 346 20 Mozilla/5.0 (Windows NT 10.0; Win64; x64) AppleWebKit/537.36 (KHTML, like Gecko) Chrome/78.0.3904.108 Safari/537.36
192.168.2.109 - - [30/Nov/2019:07:55:38 +0800] "GET /nacos/v1/cs/health HTTP/1.1" 200 2 5 Apache-HttpAsyncClient/4.1.3 (Java/1.8.0_231)
127.0.0.1 - - [30/Nov/2019:07:55:39 +0800] "PUT /nacos/v1/ns/instance/beat?beat=%7B%22cluster%22%3A%22DEFAULT%22%2C%22ip%22%3A%22192.168.2.109%22%2C%22metadata%22%3A%7B%22preserved.register.source%22%3A%22SPRING_CLOUD%22%7D%2C%22port%22%3A8099%2C%22scheduled%22%3Atrue%2C%22serviceName%22%3A%22DEFAULT_GROUP%40%40service-provider%22%2C%22weight%22%3A1.0%7D&serviceName=DEFAULT_GROUP%40%40service-provider&encoding=UTF-8&namespaceId=public HTTP/1.1" 200 38 5 Nacos-Java-Client:v1.0.0
127.0.0.1 - - [30/Nov/2019:07:55:39 +0800] "PUT /nacos/v1/ns/instance/beat?beat=%7B%22cluster%22%3A%22DEFAULT%22%2C%22ip%22%3A%22192.168.2.109%22%2C%22metadata%22%3A%7B%22preserved.register.source%22%3A%22SPRING_CLOUD%22%7D%2C%22port%22%3A8080%2C%22scheduled%22%3Atrue%2C%22serviceName%22%3A%22DEFAULT_GROUP%40%40service-consumer%22%2C%22weight%22%3A1.0%7D&serviceName=DEFAULT_GROUP%40%40service-consumer&encoding=UTF-8&namespaceId=public HTTP/1.1" 200 38 8 Nacos-Java-Client:v1.0.0
192.168.2.109 - - [30/Nov/2019:07:55:43 +0800] "GET /nacos/v1/cs/health HTTP/1.1" 200 2 2 Apache-HttpAsyncClient/4.1.3 (Java/1.8.0_231)
127.0.0.1 - - [30/Nov/2019:07:55:44 +0800] "PUT /nacos/v1/ns/instance/beat?beat=%7B%22cluster%22%3A%22DEFAULT%22%2C%22ip%22%3A%22192.168.2.109%22%2C%22metadata%22%3A%7B%22preserved.register.source%22%3A%22SPRING_CLOUD%22%7D%2C%22port%22%3A8099%2C%22scheduled%22%3Atrue%2C%22serviceName%22%3A%22DEFAULT_GROUP%40%40service-provider%22%2C%22weight%22%3A1.0%7D&serviceName=DEFAULT_GROUP%40%40service-provider&encoding=UTF-8&namespaceId=public HTTP/1.1" 200 38 1 Nacos-Java-Client:v1.0.0
127.0.0.1 - - [30/Nov/2019:07:55:44 +0800] "PUT /nacos/v1/ns/instance/beat?beat=%7B%22cluster%22%3A%22DEFAULT%22%2C%22ip%22%3A%22192.168.2.109%22%2C%22metadata%22%3A%7B%22preserved.register.source%22%3A%22SPRING_CLOUD%22%7D%2C%22port%22%3A8080%2C%22scheduled%22%3Atrue%2C%22serviceName%22%3A%22DEFAULT_GROUP%40%40service-consumer%22%2C%22weight%22%3A1.0%7D&serviceName=DEFAULT_GROUP%40%40service-consumer&encoding=UTF-8&namespaceId=public HTTP/1.1" 200 38 1 Nacos-Java-Client:v1.0.0
127.0.0.1 - - [30/Nov/2019:07:55:44 +0800] "GET /nacos/v1/ns/service/list?pageSize=2147483647&groupName=DEFAULT_GROUP&encoding=UTF-8&namespaceId=public&pageNo=1 HTTP/1.1" 200 69 1 Nacos-Java-Client:v1.0.0
127.0.0.1 - - [30/Nov/2019:07:55:44 +0800] "GET /nacos/v1/ns/service/list?pageSize=2147483647&groupName=DEFAULT_GROUP&encoding=UTF-8&namespaceId=public&pageNo=1 HTTP/1.1" 200 69 1 Nacos-Java-Client:v1.0.0
127.0.0.1 - - [30/Nov/2019:07:55:45 +0800] "GET /nacos/v1/ns/instance/list?healthyOnly=false&namespaceId=public&clientIP=192.168.2.109&serviceName=DEFAULT_GROUP%40%40service-consumer&udpPort=49572&encoding=UTF-8 HTTP/1.1" 200 584 7 Nacos-Java-Client:v1.0.0
127.0.0.1 - - [30/Nov/2019:07:55:45 +0800] "GET /nacos/v1/ns/instance/list?healthyOnly=false&namespaceId=public&clientIP=192.168.2.109&serviceName=DEFAULT_GROUP%40%40service-provider&udpPort=50315&encoding=UTF-8 HTTP/1.1" 200 584 1 Nacos-Java-Client:v1.0.0
127.0.0.1 - - [30/Nov/2019:07:55:45 +0800] "GET /nacos/v1/ns/instance/list?healthyOnly=false&namespaceId=public&clientIP=192.168.2.109&serviceName=DEFAULT_GROUP%40%40service-consumer&udpPort=50315&encoding=UTF-8 HTTP/1.1" 200 584 6 Nacos-Java-Client:v1.0.0
127.0.0.1 - - [30/Nov/2019:07:55:46 +0800] "GET /nacos/v1/ns/instance/list?healthyOnly=false&namespaceId=public&clientIP=192.168.2.109&serviceName=DEFAULT_GROUP%40%40service-provider&udpPort=49572&encoding=UTF-8 HTTP/1.1" 200 584 1 Nacos-Java-Client:v1.0.0
192.168.2.109 - - [30/Nov/2019:07:55:48 +0800] "GET /nacos/v1/cs/health HTTP/1.1" 200 2 0 Apache-HttpAsyncClient/4.1.3 (Java/1.8.0_231)
127.0.0.1 - - [30/Nov/2019:07:55:49 +0800] "PUT /nacos/v1/ns/instance/beat?beat=%7B%22cluster%22%3A%22DEFAULT%22%2C%22ip%22%3A%22192.168.2.109%22%2C%22metadata%22%3A%7B%22preserved.register.source%22%3A%22SPRING_CLOUD%22%7D%2C%22port%22%3A8099%2C%22scheduled%22%3Atrue%2C%22serviceName%22%3A%22DEFAULT_GROUP%40%40service-provider%22%2C%22weight%22%3A1.0%7D&serviceName=DEFAULT_GROUP%40%40service-provider&encoding=UTF-8&namespaceId=public HTTP/1.1" 200 38 5 Nacos-Java-Client:v1.0.0
127.0.0.1 - - [30/Nov/2019:07:55:49 +0800] "PUT /nacos/v1/ns/instance/beat?beat=%7B%22cluster%22%3A%22DEFAULT%22%2C%22ip%22%3A%22192.168.2.109%22%2C%22metadata%22%3A%7B%22preserved.register.source%22%3A%22SPRING_CLOUD%22%7D%2C%22port%22%3A8080%2C%22scheduled%22%3Atrue%2C%22serviceName%22%3A%22DEFAULT_GROUP%40%40service-consumer%22%2C%22weight%22%3A1.0%7D&serviceName=DEFAULT_GROUP%40%40service-consumer&encoding=UTF-8&namespaceId=public HTTP/1.1" 200 38 2 Nacos-Java-Client:v1.0.0
192.168.2.109 - - [30/Nov/2019:07:55:53 +0800] "GET /nacos/v1/cs/health HTTP/1.1" 200 2 0 Apache-HttpAsyncClient/4.1.3 (Java/1.8.0_231)
127.0.0.1 - - [30/Nov/2019:07:55:54 +0800] "PUT /nacos/v1/ns/instance/beat?beat=%7B%22cluster%22%3A%22DEFAULT%22%2C%22ip%22%3A%22192.168.2.109%22%2C%22metadata%22%3A%7B%22preserved.register.source%22%3A%22SPRING_CLOUD%22%7D%2C%22port%22%3A8099%2C%22scheduled%22%3Atrue%2C%22serviceName%22%3A%22DEFAULT_GROUP%40%40service-provider%22%2C%22weight%22%3A1.0%7D&serviceName=DEFAULT_GROUP%40%40service-provider&encoding=UTF-8&namespaceId=public HTTP/1.1" 200 38 2 Nacos-Java-Client:v1.0.0
127.0.0.1 - - [30/Nov/2019:07:55:54 +0800] "PUT /nacos/v1/ns/instance/beat?beat=%7B%22cluster%22%3A%22DEFAULT%22%2C%22ip%22%3A%22192.168.2.109%22%2C%22metadata%22%3A%7B%22preserved.register.source%22%3A%22SPRING_CLOUD%22%7D%2C%22port%22%3A8080%2C%22scheduled%22%3Atrue%2C%22serviceName%22%3A%22DEFAULT_GROUP%40%40service-consumer%22%2C%22weight%22%3A1.0%7D&serviceName=DEFAULT_GROUP%40%40service-consumer&encoding=UTF-8&namespaceId=public HTTP/1.1" 200 38 7 Nacos-Java-Client:v1.0.0
127.0.0.1 - - [30/Nov/2019:07:55:55 +0800] "GET /nacos/v1/ns/instance/list?healthyOnly=false&namespaceId=public&clientIP=192.168.2.109&serviceName=DEFAULT_GROUP%40%40service-consumer&udpPort=49572&encoding=UTF-8 HTTP/1.1" 200 584 5 Nacos-Java-Client:v1.0.0
127.0.0.1 - - [30/Nov/2019:07:55:55 +0800] "GET /nacos/v1/ns/instance/list?healthyOnly=false&namespaceId=public&clientIP=192.168.2.109&serviceName=DEFAULT_GROUP%40%40service-consumer&udpPort=50315&encoding=UTF-8 HTTP/1.1" 200 584 4 Nacos-Java-Client:v1.0.0
127.0.0.1 - - [30/Nov/2019:07:55:55 +0800] "GET /nacos/v1/ns/instance/list?healthyOnly=false&namespaceId=public&clientIP=192.168.2.109&serviceName=DEFAULT_GROUP%40%40service-provider&udpPort=50315&encoding=UTF-8 HTTP/1.1" 200 584 4 Nacos-Java-Client:v1.0.0
127.0.0.1 - - [30/Nov/2019:07:55:56 +0800] "GET /nacos/v1/ns/instance/list?healthyOnly=false&namespaceId=public&clientIP=192.168.2.109&serviceName=DEFAULT_GROUP%40%40service-provider&udpPort=49572&encoding=UTF-8 HTTP/1.1" 200 584 1 Nacos-Java-Client:v1.0.0
192.168.2.109 - - [30/Nov/2019:07:55:58 +0800] "GET /nacos/v1/cs/health HTTP/1.1" 200 2 1 Apache-HttpAsyncClient/4.1.3 (Java/1.8.0_231)
